API Cleanup Validation Test Results
Date: Tue Oct  7 15:19:23 CEST 2025
========================================


Section 1: Security Fixes
-------------------------
✓ PASS - Efficiency route requires authentication
